C:/TouchGFXProjects/ARM_Hazi/Core/Src/main.c:1062:13:SPI5_Write	1
C:/TouchGFXProjects/ARM_Hazi/Core/Src/main.c:1175:6:StartDefaultTask	2
C:/TouchGFXProjects/ARM_Hazi/Core/Src/main.c:1198:6:Button_Task	7
C:/TouchGFXProjects/ARM_Hazi/Core/Src/main.c:125:5:_write	1
C:/TouchGFXProjects/ARM_Hazi/Core/Src/main.c:134:6:HAL_GPIO_EXTI_Callback	4
C:/TouchGFXProjects/ARM_Hazi/Core/Src/main.c:308:6:SystemClock_Config	1
C:/TouchGFXProjects/ARM_Hazi/Core/Src/main.c:208:5:main	1
C:/TouchGFXProjects/ARM_Hazi/Core/Src/main.c:906:6:IOE_Init	1
C:/TouchGFXProjects/ARM_Hazi/Core/Src/main.c:915:6:IOE_ITConfig	1
C:/TouchGFXProjects/ARM_Hazi/Core/Src/main.c:927:6:IOE_Write	1
C:/TouchGFXProjects/ARM_Hazi/Core/Src/main.c:938:9:IOE_Read	1
C:/TouchGFXProjects/ARM_Hazi/Core/Src/main.c:951:10:IOE_ReadMultiple	1
C:/TouchGFXProjects/ARM_Hazi/Core/Src/main.c:960:6:IOE_Delay	1
C:/TouchGFXProjects/ARM_Hazi/Core/Src/main.c:1088:6:LCD_IO_Init	1
C:/TouchGFXProjects/ARM_Hazi/Core/Src/main.c:1098:6:LCD_IO_WriteData	1
C:/TouchGFXProjects/ARM_Hazi/Core/Src/main.c:1114:6:LCD_IO_WriteReg	1
C:/TouchGFXProjects/ARM_Hazi/Core/Src/main.c:1133:10:LCD_IO_ReadData	1
C:/TouchGFXProjects/ARM_Hazi/Core/Src/main.c:1160:6:LCD_Delay	1
C:/TouchGFXProjects/ARM_Hazi/Core/Src/main.c:1249:6:HAL_TIM_PeriodElapsedCallback	2
C:/TouchGFXProjects/ARM_Hazi/Core/Src/main.c:1266:6:Error_Handler	1
