C:/TouchGFXProjects/ARM_Hazi/Core/Src/main.c:1065:13:SPI5_Write	16	static
C:/TouchGFXProjects/ARM_Hazi/Core/Src/main.c:1178:6:StartDefaultTask	8	static
C:/TouchGFXProjects/ARM_Hazi/Core/Src/main.c:1201:6:Button_Task	8	static
C:/TouchGFXProjects/ARM_Hazi/Core/Src/main.c:125:5:_write	8	static
C:/TouchGFXProjects/ARM_Hazi/Core/Src/main.c:134:6:HAL_GPIO_EXTI_Callback	0	static
C:/TouchGFXProjects/ARM_Hazi/Core/Src/main.c:311:6:SystemClock_Config	96	static
C:/TouchGFXProjects/ARM_Hazi/Core/Src/main.c:211:5:main	136	static
C:/TouchGFXProjects/ARM_Hazi/Core/Src/main.c:909:6:IOE_Init	0	static
C:/TouchGFXProjects/ARM_Hazi/Core/Src/main.c:918:6:IOE_ITConfig	0	static
C:/TouchGFXProjects/ARM_Hazi/Core/Src/main.c:930:6:IOE_Write	32	static
C:/TouchGFXProjects/ARM_Hazi/Core/Src/main.c:941:9:IOE_Read	32	static
C:/TouchGFXProjects/ARM_Hazi/Core/Src/main.c:954:10:IOE_ReadMultiple	24	static
C:/TouchGFXProjects/ARM_Hazi/Core/Src/main.c:963:6:IOE_Delay	0	static
C:/TouchGFXProjects/ARM_Hazi/Core/Src/main.c:1091:6:LCD_IO_Init	8	static
C:/TouchGFXProjects/ARM_Hazi/Core/Src/main.c:1101:6:LCD_IO_WriteData	16	static
C:/TouchGFXProjects/ARM_Hazi/Core/Src/main.c:1117:6:LCD_IO_WriteReg	16	static
C:/TouchGFXProjects/ARM_Hazi/Core/Src/main.c:1136:10:LCD_IO_ReadData	32	static
C:/TouchGFXProjects/ARM_Hazi/Core/Src/main.c:1163:6:LCD_Delay	0	static
C:/TouchGFXProjects/ARM_Hazi/Core/Src/main.c:1252:6:HAL_TIM_PeriodElapsedCallback	0	static
C:/TouchGFXProjects/ARM_Hazi/Core/Src/main.c:1269:6:Error_Handler	0	static
