C:/TouchGFXProjects/ARM_Hazi/Core/Src/main.c:1186:13:SPI5_Write	16	static
C:/TouchGFXProjects/ARM_Hazi/Core/Src/main.c:1299:6:StartDefaultTask	8	static
C:/TouchGFXProjects/ARM_Hazi/Core/Src/main.c:1320:6:Button_Task	288	static
C:/TouchGFXProjects/ARM_Hazi/Core/Src/main.c:139:5:_write	8	static
C:/TouchGFXProjects/ARM_Hazi/Core/Src/main.c:152:6:HAL_GPIO_EXTI_Callback	8	static
C:/TouchGFXProjects/ARM_Hazi/Core/Src/main.c:375:6:SystemClock_Config	96	static
C:/TouchGFXProjects/ARM_Hazi/Core/Src/main.c:253:5:main	136	static
C:/TouchGFXProjects/ARM_Hazi/Core/Src/main.c:1030:6:IOE_Init	0	static
C:/TouchGFXProjects/ARM_Hazi/Core/Src/main.c:1039:6:IOE_ITConfig	0	static
C:/TouchGFXProjects/ARM_Hazi/Core/Src/main.c:1051:6:IOE_Write	32	static
C:/TouchGFXProjects/ARM_Hazi/Core/Src/main.c:1062:9:IOE_Read	32	static
C:/TouchGFXProjects/ARM_Hazi/Core/Src/main.c:1075:10:IOE_ReadMultiple	24	static
C:/TouchGFXProjects/ARM_Hazi/Core/Src/main.c:1084:6:IOE_Delay	0	static
C:/TouchGFXProjects/ARM_Hazi/Core/Src/main.c:1212:6:LCD_IO_Init	8	static
C:/TouchGFXProjects/ARM_Hazi/Core/Src/main.c:1222:6:LCD_IO_WriteData	16	static
C:/TouchGFXProjects/ARM_Hazi/Core/Src/main.c:1238:6:LCD_IO_WriteReg	16	static
C:/TouchGFXProjects/ARM_Hazi/Core/Src/main.c:1257:10:LCD_IO_ReadData	32	static
C:/TouchGFXProjects/ARM_Hazi/Core/Src/main.c:1284:6:LCD_Delay	0	static
C:/TouchGFXProjects/ARM_Hazi/Core/Src/main.c:1381:6:HAL_TIM_PeriodElapsedCallback	0	static
C:/TouchGFXProjects/ARM_Hazi/Core/Src/main.c:1398:6:Error_Handler	0	static
