../../Middlewares/ST/touchgfx/framework/include/platform/driver/button/ButtonController.hpp:48:18:virtual void touchgfx::ButtonController::reset()	0	static
../Application/User/MyButtonController.cpp:16:6:virtual void MyButtonController::init()	0	static
../Application/User/MyButtonController.cpp:21:6:virtual bool MyButtonController::sample(uint8_t&)	0	static
../../Core/Inc/MyButtonController.hpp:14:7:MyButtonController::~MyButtonController()	0	static
../../Core/Inc/MyButtonController.hpp:14:7:virtual MyButtonController::~MyButtonController()	8	static
