C:/TouchGFXProjects/ARM_Hazi/Core/Src/stm32f4xx_hal_msp.c:67:6:HAL_MspInit	8	static
C:/TouchGFXProjects/ARM_Hazi/Core/Src/stm32f4xx_hal_msp.c:92:6:HAL_CRC_MspInit	8	static
C:/TouchGFXProjects/ARM_Hazi/Core/Src/stm32f4xx_hal_msp.c:115:6:HAL_CRC_MspDeInit	0	static
C:/TouchGFXProjects/ARM_Hazi/Core/Src/stm32f4xx_hal_msp.c:137:6:HAL_DMA2D_MspInit	16	static
C:/TouchGFXProjects/ARM_Hazi/Core/Src/stm32f4xx_hal_msp.c:163:6:HAL_DMA2D_MspDeInit	0	static
C:/TouchGFXProjects/ARM_Hazi/Core/Src/stm32f4xx_hal_msp.c:188:6:HAL_I2C_MspInit	64	static
C:/TouchGFXProjects/ARM_Hazi/Core/Src/stm32f4xx_hal_msp.c:237:6:HAL_I2C_MspDeInit	8	static
C:/TouchGFXProjects/ARM_Hazi/Core/Src/stm32f4xx_hal_msp.c:268:6:HAL_LTDC_MspInit	120	static
C:/TouchGFXProjects/ARM_Hazi/Core/Src/stm32f4xx_hal_msp.c:394:6:HAL_LTDC_MspDeInit	8	static
C:/TouchGFXProjects/ARM_Hazi/Core/Src/stm32f4xx_hal_msp.c:456:6:HAL_SPI_MspInit	64	static
C:/TouchGFXProjects/ARM_Hazi/Core/Src/stm32f4xx_hal_msp.c:527:6:HAL_SPI_MspDeInit	8	static
C:/TouchGFXProjects/ARM_Hazi/Core/Src/stm32f4xx_hal_msp.c:579:6:HAL_TIM_Base_MspInit	24	static
C:/TouchGFXProjects/ARM_Hazi/Core/Src/stm32f4xx_hal_msp.c:622:6:HAL_TIM_MspPostInit	32	static
C:/TouchGFXProjects/ARM_Hazi/Core/Src/stm32f4xx_hal_msp.c:654:6:HAL_TIM_Base_MspDeInit	8	static
C:/TouchGFXProjects/ARM_Hazi/Core/Src/stm32f4xx_hal_msp.c:683:6:HAL_UART_MspInit	40	static
C:/TouchGFXProjects/ARM_Hazi/Core/Src/stm32f4xx_hal_msp.c:720:6:HAL_UART_MspDeInit	0	static
C:/TouchGFXProjects/ARM_Hazi/Core/Src/stm32f4xx_hal_msp.c:851:6:HAL_SDRAM_MspInit	48	static
C:/TouchGFXProjects/ARM_Hazi/Core/Src/stm32f4xx_hal_msp.c:937:6:HAL_SDRAM_MspDeInit	8	static
