C:/TouchGFXProjects/ARM_Hazi/Core/Src/main.c:1314:13:SPI5_Write	16	static
C:/TouchGFXProjects/ARM_Hazi/Core/Src/main.c:1427:6:StartDefaultTask	8	static
C:/TouchGFXProjects/ARM_Hazi/Core/Src/main.c:1448:6:Button_Task	264	static
C:/TouchGFXProjects/ARM_Hazi/Core/Src/main.c:1506:6:Temp_Task	24	static
C:/TouchGFXProjects/ARM_Hazi/Core/Src/main.c:173:6:HAL_UART_TxCpltCallback	24	static
C:/TouchGFXProjects/ARM_Hazi/Core/Src/main.c:194:5:_write	32	static
C:/TouchGFXProjects/ARM_Hazi/Core/Src/main.c:236:6:HAL_GPIO_EXTI_Callback	8	static
C:/TouchGFXProjects/ARM_Hazi/Core/Src/main.c:460:6:SystemClock_Config	96	static
C:/TouchGFXProjects/ARM_Hazi/Core/Src/main.c:334:5:main	136	static
C:/TouchGFXProjects/ARM_Hazi/Core/Src/main.c:1158:6:IOE_Init	0	static
C:/TouchGFXProjects/ARM_Hazi/Core/Src/main.c:1167:6:IOE_ITConfig	0	static
C:/TouchGFXProjects/ARM_Hazi/Core/Src/main.c:1179:6:IOE_Write	32	static
C:/TouchGFXProjects/ARM_Hazi/Core/Src/main.c:1190:9:IOE_Read	32	static
C:/TouchGFXProjects/ARM_Hazi/Core/Src/main.c:1203:10:IOE_ReadMultiple	24	static
C:/TouchGFXProjects/ARM_Hazi/Core/Src/main.c:1212:6:IOE_Delay	0	static
C:/TouchGFXProjects/ARM_Hazi/Core/Src/main.c:1340:6:LCD_IO_Init	8	static
C:/TouchGFXProjects/ARM_Hazi/Core/Src/main.c:1350:6:LCD_IO_WriteData	16	static
C:/TouchGFXProjects/ARM_Hazi/Core/Src/main.c:1366:6:LCD_IO_WriteReg	16	static
C:/TouchGFXProjects/ARM_Hazi/Core/Src/main.c:1385:10:LCD_IO_ReadData	32	static
C:/TouchGFXProjects/ARM_Hazi/Core/Src/main.c:1412:6:LCD_Delay	0	static
C:/TouchGFXProjects/ARM_Hazi/Core/Src/main.c:1560:6:HAL_TIM_PeriodElapsedCallback	0	static
C:/TouchGFXProjects/ARM_Hazi/Core/Src/main.c:1577:6:Error_Handler	0	static
