C:/TouchGFXProjects/ARM_Hazi/Core/Src/main.c:1314:13:SPI5_Write	1
C:/TouchGFXProjects/ARM_Hazi/Core/Src/main.c:1427:6:StartDefaultTask	3
C:/TouchGFXProjects/ARM_Hazi/Core/Src/main.c:1448:6:Button_Task	5
C:/TouchGFXProjects/ARM_Hazi/Core/Src/main.c:1506:6:Temp_Task	9
C:/TouchGFXProjects/ARM_Hazi/Core/Src/main.c:173:6:HAL_UART_TxCpltCallback	4
C:/TouchGFXProjects/ARM_Hazi/Core/Src/main.c:194:5:_write	4
C:/TouchGFXProjects/ARM_Hazi/Core/Src/main.c:236:6:HAL_GPIO_EXTI_Callback	4
C:/TouchGFXProjects/ARM_Hazi/Core/Src/main.c:460:6:SystemClock_Config	1
C:/TouchGFXProjects/ARM_Hazi/Core/Src/main.c:334:5:main	2
C:/TouchGFXProjects/ARM_Hazi/Core/Src/main.c:1158:6:IOE_Init	1
C:/TouchGFXProjects/ARM_Hazi/Core/Src/main.c:1167:6:IOE_ITConfig	1
C:/TouchGFXProjects/ARM_Hazi/Core/Src/main.c:1179:6:IOE_Write	1
C:/TouchGFXProjects/ARM_Hazi/Core/Src/main.c:1190:9:IOE_Read	1
C:/TouchGFXProjects/ARM_Hazi/Core/Src/main.c:1203:10:IOE_ReadMultiple	1
C:/TouchGFXProjects/ARM_Hazi/Core/Src/main.c:1212:6:IOE_Delay	1
C:/TouchGFXProjects/ARM_Hazi/Core/Src/main.c:1340:6:LCD_IO_Init	1
C:/TouchGFXProjects/ARM_Hazi/Core/Src/main.c:1350:6:LCD_IO_WriteData	1
C:/TouchGFXProjects/ARM_Hazi/Core/Src/main.c:1366:6:LCD_IO_WriteReg	1
C:/TouchGFXProjects/ARM_Hazi/Core/Src/main.c:1385:10:LCD_IO_ReadData	1
C:/TouchGFXProjects/ARM_Hazi/Core/Src/main.c:1412:6:LCD_Delay	1
C:/TouchGFXProjects/ARM_Hazi/Core/Src/main.c:1560:6:HAL_TIM_PeriodElapsedCallback	2
C:/TouchGFXProjects/ARM_Hazi/Core/Src/main.c:1577:6:Error_Handler	1
