../Application/User/cc1101.c:84:9:map	8	static
../Application/User/cc1101.c:88:9:spi_transfer	32	static
../Application/User/cc1101.c:168:9:SpiReadStatus	16	static
../Application/User/cc1101.c:220:6:SpiWriteReg	16	static
../Application/User/cc1101.c:237:6:Reset	8	static
../Application/User/cc1101.c:275:6:Split_PKTCTRL1	24	static
../Application/User/cc1101.c:304:6:Split_PKTCTRL0	24	static
../Application/User/cc1101.c:319:6:Split_MDMCFG1	16	static
../Application/User/cc1101.c:333:6:Split_MDMCFG2	24	static
../Application/User/cc1101.c:348:6:Split_MDMCFG4	8	static
../Application/User/cc1101.c:458:6:SpiWriteBurstReg	24	static
../Application/User/cc1101.c:395:6:setPA	24	static
../Application/User/cc1101.c:126:6:Calibrate	16	static
../Application/User/cc1101.c:95:6:setMHZ	40	static
../Application/User/cc1101.c:377:6:setModulation	8	static
../Application/User/cc1101.c:359:6:setCCMode	8	static
../Application/User/cc1101.c:188:6:RegConfigSettings	8	static
../Application/User/cc1101.c:260:6:Init	8	static
../Application/User/cc1101.c:481:6:setCrc	8	static
../Application/User/cc1101.c:505:6:SpiStrobe	8	static
../Application/User/cc1101.c:498:6:SetRx	8	static
../Application/User/cc1101.c:488:6:CheckRxFifo	8	static
../Application/User/cc1101.c:519:6:CheckCRC	8	static
../Application/User/cc1101.c:535:5:getRssi	8	static
../Application/User/cc1101.c:548:9:getLqi	0	static
../Application/User/cc1101.c:579:9:SpiReadReg	16	static
../Application/User/cc1101.c:597:6:SpiReadBurstReg	24	static
../Application/User/cc1101.c:556:9:ReceiveData	24	static
../Application/User/cc1101.c:619:6:getCC1101	8	static
../Application/User/cc1101.c:628:9:getMode	0	static
../Application/User/cc1101.c:632:6:setClb	0	static
../Application/User/cc1101.c:652:6:setSyncWord	8	static
../Application/User/cc1101.c:658:6:setAddr	0	static
../Application/User/cc1101.c:663:6:setPQT	8	static
../Application/User/cc1101.c:674:6:setCRC_AF	8	static
../Application/User/cc1101.c:683:6:setAppendStatus	8	static
../Application/User/cc1101.c:692:6:setAdrChk	8	static
../Application/User/cc1101.c:702:6:setWhiteData	8	static
../Application/User/cc1101.c:711:6:setPktFormat	8	static
../Application/User/cc1101.c:721:6:setLengthConfig	8	static
../Application/User/cc1101.c:731:6:setPacketLength	0	static
../Application/User/cc1101.c:735:6:setDcFilterOff	8	static
../Application/User/cc1101.c:744:6:setManchester	8	static
../Application/User/cc1101.c:753:6:setSyncMode	8	static
../Application/User/cc1101.c:763:6:setFEC	8	static
../Application/User/cc1101.c:772:6:setPRE	8	static
../Application/User/cc1101.c:782:6:setChannel	0	static
../Application/User/cc1101.c:787:6:setChsp	72	static
../Application/User/cc1101.c:817:6:setRxBW	32	static
../Application/User/cc1101.c:843:6:setDRate	64	static
../Application/User/cc1101.c:874:6:setDeviation	16	static
../Application/User/cc1101.c:897:6:SetTx	8	static
../Application/User/cc1101.c:904:6:SetTx_MHz	16	static
../Application/User/cc1101.c:912:6:SetRx_MHz	16	static
../Application/User/cc1101.c:920:6:setSres	8	static
../Application/User/cc1101.c:926:6:setSidle	8	static
../Application/User/cc1101.c:932:6:goSleep	8	static
../Application/User/cc1101.c:948:6:SendData_buffersize	16	static
../Application/User/cc1101.c:938:6:SendData	16	dynamic
../Application/User/cc1101.c:970:6:SendData_tx_buffer	16	static
../Application/User/cc1101.c:960:6:SendData_txsize	24	dynamic
../Application/User/cc1101.c:981:9:CheckReceiveFlag	8	static
