../../Middlewares/ST/touchgfx/framework/include/touchgfx/Screen.hpp:104:18:virtual void touchgfx::Screen::afterTransition()	0	static
C:/TouchGFXProjects/ARM_Hazi/TouchGFX/gui/src/home_screen_screen/Home_ScreenView.cpp:15:6:virtual void Home_ScreenView::tearDownScreen()	0	static
../../TouchGFX/gui/include/gui/home_screen_screen/Home_ScreenView.hpp:21:13:Home_ScreenView::~Home_ScreenView()	8	static
../../TouchGFX/gui/include/gui/home_screen_screen/Home_ScreenView.hpp:21:13:virtual Home_ScreenView::~Home_ScreenView()	8	static
C:/TouchGFXProjects/ARM_Hazi/TouchGFX/gui/src/home_screen_screen/Home_ScreenView.cpp:45:6:virtual void Home_ScreenView::WidgetScrolling()	0	static
C:/TouchGFXProjects/ARM_Hazi/TouchGFX/gui/src/home_screen_screen/Home_ScreenView.cpp:3:1:Home_ScreenView::Home_ScreenView()	8	static
C:/TouchGFXProjects/ARM_Hazi/TouchGFX/gui/src/home_screen_screen/Home_ScreenView.cpp:7:6:virtual void Home_ScreenView::setupScreen()	16	static
C:/TouchGFXProjects/ARM_Hazi/TouchGFX/gui/src/home_screen_screen/Home_ScreenView.cpp:20:6:virtual void Home_ScreenView::handleTickEvent()	4	static
C:/TouchGFXProjects/ARM_Hazi/TouchGFX/gui/src/home_screen_screen/Home_ScreenView.cpp:80:6:virtual void Home_ScreenView::handleKeyEvent(uint8_t)	0	static
