../../Middlewares/ST/touchgfx/framework/include/touchgfx/Screen.hpp:104:18:virtual void touchgfx::Screen::afterTransition()	0	static
../../Middlewares/ST/touchgfx/framework/include/touchgfx/Screen.hpp:144:18:virtual void touchgfx::Screen::handleTickEvent()	0	static
C:/TouchGFXProjects/ARM_Hazi/TouchGFX/gui/src/home_screen_screen/Home_ScreenView.cpp:13:6:virtual void Home_ScreenView::tearDownScreen()	0	static
../../TouchGFX/gui/include/gui/home_screen_screen/Home_ScreenView.hpp:11:13:Home_ScreenView::~Home_ScreenView()	8	static
../../TouchGFX/gui/include/gui/home_screen_screen/Home_ScreenView.hpp:11:13:virtual Home_ScreenView::~Home_ScreenView()	8	static
C:/TouchGFXProjects/ARM_Hazi/TouchGFX/gui/src/home_screen_screen/Home_ScreenView.cpp:3:1:Home_ScreenView::Home_ScreenView()	8	static
C:/TouchGFXProjects/ARM_Hazi/TouchGFX/gui/src/home_screen_screen/Home_ScreenView.cpp:8:6:virtual void Home_ScreenView::setupScreen()	0	static
