../../TouchGFX/gui/include/gui/home_screen_screen/Home_ScreenPresenter.hpp:30:13:Home_ScreenPresenter::~Home_ScreenPresenter()	0	static
C:/TouchGFXProjects/ARM_Hazi/TouchGFX/gui/src/home_screen_screen/Home_ScreenPresenter.cpp:10:6:virtual void Home_ScreenPresenter::activate()	0	static
../../TouchGFX/gui/include/gui/home_screen_screen/Home_ScreenPresenter.hpp:30:13:virtual Home_ScreenPresenter::~Home_ScreenPresenter()	8	static
../../TouchGFX/gui/include/gui/home_screen_screen/Home_ScreenPresenter.hpp:30:13:virtual void* Home_ScreenPresenter::_ZThn4_N20Home_ScreenPresenterD1Ev()	0	static
C:/TouchGFXProjects/ARM_Hazi/TouchGFX/gui/src/home_screen_screen/Home_ScreenPresenter.cpp:4:1:Home_ScreenPresenter::Home_ScreenPresenter(Home_ScreenView&)	0	static
C:/TouchGFXProjects/ARM_Hazi/TouchGFX/gui/src/home_screen_screen/Home_ScreenPresenter.cpp:20:6:void Home_ScreenPresenter::gotoNextScreen(WidgetSelection)	8	static
