../../Middlewares/ST/touchgfx/framework/include/touchgfx/Screen.hpp:104:18:virtual void touchgfx::Screen::afterTransition()	0	static
../../Middlewares/ST/touchgfx/framework/include/touchgfx/Screen.hpp:144:18:virtual void touchgfx::Screen::handleTickEvent()	0	static
C:/TouchGFXProjects/ARM_Hazi/TouchGFX/gui/src/main_screen_screen/Main_ScreenView.cpp:13:6:virtual void Main_ScreenView::tearDownScreen()	0	static
../../TouchGFX/gui/include/gui/main_screen_screen/Main_ScreenView.hpp:11:13:Main_ScreenView::~Main_ScreenView()	8	static
../../TouchGFX/gui/include/gui/main_screen_screen/Main_ScreenView.hpp:11:13:virtual Main_ScreenView::~Main_ScreenView()	8	static
C:/TouchGFXProjects/ARM_Hazi/TouchGFX/gui/src/main_screen_screen/Main_ScreenView.cpp:3:1:Main_ScreenView::Main_ScreenView()	8	static
C:/TouchGFXProjects/ARM_Hazi/TouchGFX/gui/src/main_screen_screen/Main_ScreenView.cpp:8:6:virtual void Main_ScreenView::setupScreen()	0	static
