../../Middlewares/ST/touchgfx/framework/include/touchgfx/Screen.hpp:104:18:virtual void touchgfx::Screen::afterTransition()	0	static
../../Middlewares/ST/touchgfx/framework/include/touchgfx/Screen.hpp:144:18:virtual void touchgfx::Screen::handleTickEvent()	0	static
../../Middlewares/ST/touchgfx/framework/include/touchgfx/Screen.hpp:154:18:virtual void touchgfx::Screen::handleKeyEvent(uint8_t)	0	static
C:/TouchGFXProjects/ARM_Hazi/TouchGFX/gui/src/settings_screen_screen/Settings_ScreenView.cpp:13:6:virtual void Settings_ScreenView::tearDownScreen()	0	static
../../TouchGFX/gui/include/gui/settings_screen_screen/Settings_ScreenView.hpp:11:13:Settings_ScreenView::~Settings_ScreenView()	8	static
../../TouchGFX/gui/include/gui/settings_screen_screen/Settings_ScreenView.hpp:11:13:virtual Settings_ScreenView::~Settings_ScreenView()	8	static
C:/TouchGFXProjects/ARM_Hazi/TouchGFX/gui/src/settings_screen_screen/Settings_ScreenView.cpp:3:1:Settings_ScreenView::Settings_ScreenView()	8	static
C:/TouchGFXProjects/ARM_Hazi/TouchGFX/gui/src/settings_screen_screen/Settings_ScreenView.cpp:8:6:virtual void Settings_ScreenView::setupScreen()	0	static
