../../Middlewares/ST/touchgfx/framework/include/touchgfx/Screen.hpp:104:18:virtual void touchgfx::Screen::afterTransition()	0	static
C:/TouchGFXProjects/ARM_Hazi/TouchGFX/gui/src/home_screen_screen/Home_ScreenView.cpp:25:6:virtual void Home_ScreenView::tearDownScreen()	0	static
../../TouchGFX/gui/include/gui/home_screen_screen/Home_ScreenView.hpp:24:13:Home_ScreenView::~Home_ScreenView()	8	static
../../TouchGFX/gui/include/gui/home_screen_screen/Home_ScreenView.hpp:24:13:virtual Home_ScreenView::~Home_ScreenView()	8	static
C:/TouchGFXProjects/ARM_Hazi/TouchGFX/gui/src/home_screen_screen/Home_ScreenView.cpp:4:1:Home_ScreenView::Home_ScreenView()	8	static
C:/TouchGFXProjects/ARM_Hazi/TouchGFX/gui/src/home_screen_screen/Home_ScreenView.cpp:96:6:void Home_ScreenView::updateButtonHighlight()	8	static
C:/TouchGFXProjects/ARM_Hazi/TouchGFX/gui/src/home_screen_screen/Home_ScreenView.cpp:60:6:virtual void Home_ScreenView::WidgetScrolling()	8	static
C:/TouchGFXProjects/ARM_Hazi/TouchGFX/gui/src/home_screen_screen/Home_ScreenView.cpp:170:6:void Home_ScreenView::updateText(int)	16	static
C:/TouchGFXProjects/ARM_Hazi/TouchGFX/gui/src/home_screen_screen/Home_ScreenView.cpp:200:6:void Home_ScreenView::updateTextHumidity(int)	16	static
C:/TouchGFXProjects/ARM_Hazi/TouchGFX/gui/src/home_screen_screen/Home_ScreenView.cpp:8:6:virtual void Home_ScreenView::setupScreen()	16	static
C:/TouchGFXProjects/ARM_Hazi/TouchGFX/gui/src/home_screen_screen/Home_ScreenView.cpp:32:6:virtual void Home_ScreenView::handleTickEvent()	8	static
C:/TouchGFXProjects/ARM_Hazi/TouchGFX/gui/src/home_screen_screen/Home_ScreenView.cpp:140:6:virtual void Home_ScreenView::handleKeyEvent(uint8_t)	0	static
